]0;~/Desktop/Casper[?1034hCassandras-Air:Casper cassandrabayer$ [KCassandras-Air:Casper cassandrabayer$ git status
On branch master

Initial commit

Untracked files:
  (use "git add <file>..." to include in what will be committed)

	[31m.Rproj.user/[m
	[31mCasper.Rproj[m
	[31mController.R[m
	[31mXLS_takehome_NA.xlsx[m

nothing added to commit but untracked files present (use "git add" to track)
]0;~/Desktop/CasperCassandras-Air:Casper cassandrabayer$ git add .
]0;~/Desktop/CasperCassandras-Air:Casper cassandrabayer$ git commit -m "commenc[K[K[K[K[K[K[Kinit commit"
[master (root-commit) 4c06379] init commit
 11 files changed, 218 insertions(+)
 create mode 100644 .Rproj.user/79FC296B/console06/4B26E991
 create mode 100644 .Rproj.user/79FC296B/console06/INDEX001
 create mode 100644 .Rproj.user/79FC296B/sources/prop/9D63211
 create mode 100644 .Rproj.user/79FC296B/sources/prop/INDEX
 create mode 100644 .Rproj.user/79FC296B/sources/s-B6D335F0/D5EB7755
 create mode 100644 .Rproj.user/79FC296B/sources/s-B6D335F0/D5EB7755-contents
 create mode 100644 .Rproj.user/79FC296B/sources/s-B6D335F0/lock_file
 create mode 100644 .Rproj.user/shared/notebooks/patch-chunk-names
 create mode 100644 Casper.Rproj
 create mode 100644 Controller.R
 create mode 100644 XLS_takehome_NA.xlsx
]0;~/Desktop/CasperCassandras-Air:Casper cassandrabayer$ [KCassandras-Air:Casper cassandrabayer$ git status
On branch master
Changes not staged for commit:
  (use "git add <file>..." to update what will be committed)
  (use "git checkout -- <file>..." to discard changes in working directory)

	[31mmodified:   .Rproj.user/79FC296B/console06/4B26E991[m
	[31mmodified:   .Rproj.user/79FC296B/console06/INDEX001[m
	[31mmodified:   .Rproj.user/79FC296B/sources/prop/9D63211[m
	[31mmodified:   .Rproj.user/79FC296B/sources/prop/INDEX[m
	[31mmodified:   .Rproj.user/79FC296B/sources/s-B6D335F0/D5EB7755[m
	[31mmodified:   .Rproj.user/79FC296B/sources/s-B6D335F0/D5EB7755-contents[m
	[31mmodified:   Controller.R[m

Untracked files:
  (use "git add <file>..." to include in what will be committed)

	[31m.Rproj.user/79FC296B/console06/4B26E991.env[m
	[31m.Rproj.user/79FC296B/sources/prop/C75C4F0D[m
	[31m.Rproj.user/79FC296B/sources/s-B6D335F0/6C63BFDB-contents[m
	[31m.Rproj.user/79FC296B/sources/s-B6D335F0/78728EB3[m
	[31m.Rproj.user/79FC296B/sources/s-B6D335F0/78728EB3-contents[m
	[31m.Rproj.user/79FC296B/sources/s-B6D335F0/9FDB7D94[m
	[31m.Rproj.user/79FC296B/sources/s-B6D335F0/9FDB7D94-contents[m
	[31m.Rproj.user/79FC296B/sources/s-B6D335F0/A916C2EB[m
	[31m.Rproj.user/79FC296B/sources/s-B6D335F0/A916C2EB-contents[m
	[31m.Rproj.user/shared/notebooks/CD9CC18E-Sales Trends/[m
	[31m.Rproj.user/shared/notebooks/paths[m
	[31mSales Trends.Rmd[m
	[31m~$XLS_takehome_NA.xlsx[m

no changes added to commit (use "git add" and/or "git commit -a")
]0;~/Desktop/CasperCassandras-Air:Casper cassandrabayer$ git add .
]0;~/Desktop/CasperCassandras-Air:Casper cassandrabayer$ git commit -m "initial part 1 complete"
[master 9cedcc5] initial part 1 complete
 26 files changed, 599 insertions(+), 6 deletions(-)
 create mode 100644 .Rproj.user/79FC296B/console06/4B26E991.env
 create mode 100644 .Rproj.user/79FC296B/sources/prop/C75C4F0D
 create mode 100644 .Rproj.user/79FC296B/sources/s-B6D335F0/6C63BFDB-contents
 create mode 100644 .Rproj.user/79FC296B/sources/s-B6D335F0/78728EB3
 create mode 100644 .Rproj.user/79FC296B/sources/s-B6D335F0/78728EB3-contents
 create mode 100644 .Rproj.user/79FC296B/sources/s-B6D335F0/9FDB7D94
 create mode 100644 .Rproj.user/79FC296B/sources/s-B6D335F0/9FDB7D94-contents
 create mode 100644 .Rproj.user/79FC296B/sources/s-B6D335F0/A916C2EB
 create mode 100644 .Rproj.user/79FC296B/sources/s-B6D335F0/A916C2EB-contents
 create mode 100644 .Rproj.user/shared/notebooks/CD9CC18E-Sales Trends/1/79FC296BB6D335F0/chunks.json
 create mode 100644 .Rproj.user/shared/notebooks/CD9CC18E-Sales Trends/1/s/cc217th0qnwgp/000002.metadata
 create mode 100644 .Rproj.user/shared/notebooks/CD9CC18E-Sales Trends/1/s/cc217th0qnwgp/000002.rdf
 create mode 100644 .Rproj.user/shared/notebooks/CD9CC18E-Sales Trends/1/s/chunks.json
 create mode 100644 .Rproj.user/shared/notebooks/CD9CC18E-Sales Trends/1/s/ckop123f2lkl3/00002d.metadata
 create mode 100644 .Rproj.user/shared/notebooks/CD9CC18E-Sales Trends/1/s/ckop123f2lkl3/00002d.rdf
 create mode 100644 .Rproj.user/shared/notebooks/CD9CC18E-Sales Trends/1/s/csetup_chunk/000002.csv
 create mode 100644 .Rproj.user/shared/notebooks/paths
 create mode 100644 Sales Trends.Rmd
 create mode 100644 ~$XLS_takehome_NA.xlsx
]0;~/Desktop/CasperCassandras-Air:Casper cassandrabayer$ git status
On branch master
Changes not staged for commit:
  (use "git add/rm <file>..." to update what will be committed)
  (use "git checkout -- <file>..." to discard changes in working directory)

	[31mmodified:   .Rproj.user/79FC296B/console06/4B26E991[m
	[31mmodified:   .Rproj.user/79FC296B/sources/prop/9D63211[m
	[31mmodified:   .Rproj.user/79FC296B/sources/prop/C75C4F0D[m
	[31mmodified:   .Rproj.user/79FC296B/sources/s-B6D335F0/9FDB7D94[m
	[31mmodified:   .Rproj.user/79FC296B/sources/s-B6D335F0/9FDB7D94-contents[m
	[31mmodified:   .Rproj.user/79FC296B/sources/s-B6D335F0/D5EB7755[m
	[31mmodified:   .Rproj.user/79FC296B/sources/s-B6D335F0/D5EB7755-contents[m
	[31mmodified:   .Rproj.user/shared/notebooks/CD9CC18E-Sales Trends/1/79FC296BB6D335F0/chunks.json[m
	[31mmodified:   .Rproj.user/shared/notebooks/CD9CC18E-Sales Trends/1/s/chunks.json[m
	[31mdeleted:    .Rproj.user/shared/notebooks/CD9CC18E-Sales Trends/1/s/ckop123f2lkl3/00002d.metadata[m
	[31mdeleted:    .Rproj.user/shared/notebooks/CD9CC18E-Sales Trends/1/s/ckop123f2lkl3/00002d.rdf[m
	[31mmodified:   Controller.R[m
	[31mmodified:   Sales Trends.Rmd[m

Untracked files:
  (use "git add <file>..." to include in what will be committed)

	[31m.Rproj.user/shared/notebooks/CD9CC18E-Sales Trends/1/s/c8ebt3bd06126/[m
	[31m.Rproj.user/shared/notebooks/CD9CC18E-Sales Trends/1/s/c8lzkba76y21h/[m
	[31m.Rproj.user/shared/notebooks/CD9CC18E-Sales Trends/1/s/cn2r4sme27ubu/[m

no changes added to commit (use "git add" and/or "git commit -a")
]0;~/Desktop/CasperCassandras-Air:Casper cassandrabayer$ git add .
]0;~/Desktop/CasperCassandras-Air:Casper cassandrabayer$ git commit -m "added second aggregation"
[master d95df68] added second aggregation
 19 files changed, 136 insertions(+), 29 deletions(-)
 rewrite .Rproj.user/shared/notebooks/CD9CC18E-Sales Trends/1/79FC296BB6D335F0/chunks.json (71%)
 create mode 100644 .Rproj.user/shared/notebooks/CD9CC18E-Sales Trends/1/s/c8ebt3bd06126/000004.metadata
 create mode 100644 .Rproj.user/shared/notebooks/CD9CC18E-Sales Trends/1/s/c8ebt3bd06126/000004.rdf
 create mode 100644 .Rproj.user/shared/notebooks/CD9CC18E-Sales Trends/1/s/c8lzkba76y21h/000002.metadata
 create mode 100644 .Rproj.user/shared/notebooks/CD9CC18E-Sales Trends/1/s/c8lzkba76y21h/000002.rdf
 rewrite .Rproj.user/shared/notebooks/CD9CC18E-Sales Trends/1/s/chunks.json (71%)
 delete mode 100644 .Rproj.user/shared/notebooks/CD9CC18E-Sales Trends/1/s/ckop123f2lkl3/00002d.metadata
 delete mode 100644 .Rproj.user/shared/notebooks/CD9CC18E-Sales Trends/1/s/ckop123f2lkl3/00002d.rdf
 create mode 100644 .Rproj.user/shared/notebooks/CD9CC18E-Sales Trends/1/s/cn2r4sme27ubu/00000d.metadata
 create mode 100644 .Rproj.user/shared/notebooks/CD9CC18E-Sales Trends/1/s/cn2r4sme27ubu/00000d.rdf
]0;~/Desktop/CasperCassandras-Air:Casper cassandrabayer$ [KCassandras-Air:Casper cassandrabayer$ git status
On branch master
Changes not staged for commit:
  (use "git add/rm <file>..." to update what will be committed)
  (use "git checkout -- <file>..." to discard changes in working directory)

	[31mmodified:   .Rproj.user/79FC296B/console06/4B26E991[m
	[31mmodified:   .Rproj.user/79FC296B/console06/INDEX001[m
	[31mmodified:   .Rproj.user/79FC296B/sources/prop/9D63211[m
	[31mmodified:   .Rproj.user/79FC296B/sources/prop/C75C4F0D[m
	[31mmodified:   .Rproj.user/79FC296B/sources/s-B6D335F0/9FDB7D94[m
	[31mmodified:   .Rproj.user/79FC296B/sources/s-B6D335F0/9FDB7D94-contents[m
	[31mmodified:   .Rproj.user/79FC296B/sources/s-B6D335F0/D5EB7755[m
	[31mmodified:   .Rproj.user/79FC296B/sources/s-B6D335F0/D5EB7755-contents[m
	[31mmodified:   .Rproj.user/shared/notebooks/CD9CC18E-Sales Trends/1/79FC296BB6D335F0/chunks.json[m
	[31mdeleted:    .Rproj.user/shared/notebooks/CD9CC18E-Sales Trends/1/s/c8ebt3bd06126/000004.metadata[m
	[31mdeleted:    .Rproj.user/shared/notebooks/CD9CC18E-Sales Trends/1/s/c8ebt3bd06126/000004.rdf[m
	[31mdeleted:    .Rproj.user/shared/notebooks/CD9CC18E-Sales Trends/1/s/c8lzkba76y21h/000002.metadata[m
	[31mdeleted:    .Rproj.user/shared/notebooks/CD9CC18E-Sales Trends/1/s/c8lzkba76y21h/000002.rdf[m
	[31mdeleted:    .Rproj.user/shared/notebooks/CD9CC18E-Sales Trends/1/s/cc217th0qnwgp/000002.metadata[m
	[31mdeleted:    .Rproj.user/shared/notebooks/CD9CC18E-Sales Trends/1/s/cc217th0qnwgp/000002.rdf[m
	[31mmodified:   .Rproj.user/shared/notebooks/CD9CC18E-Sales Trends/1/s/chunks.json[m
	[31mdeleted:    .Rproj.user/shared/notebooks/CD9CC18E-Sales Trends/1/s/cn2r4sme27ubu/00000d.metadata[m
	[31mdeleted:    .Rproj.user/shared/notebooks/CD9CC18E-Sales Trends/1/s/cn2r4sme27ubu/00000d.rdf[m
	[31mmodified:   Controller.R[m
	[31mmodified:   Sales Trends.Rmd[m

Untracked files:
  (use "git add <file>..." to include in what will be committed)

	[31m.Rproj.user/shared/notebooks/CD9CC18E-Sales Trends/1/s/c2r3h1zw1go9p/[m
	[31m.Rproj.user/shared/notebooks/CD9CC18E-Sales Trends/1/s/c8ebt3bd06126/00002f.csv[m
	[31m.Rproj.user/shared/notebooks/CD9CC18E-Sales Trends/1/s/c8ebt3bd06126/000030.html[m
	[31m.Rproj.user/shared/notebooks/CD9CC18E-Sales Trends/1/s/c8ebt3bd06126/000030.json[m
	[31m.Rproj.user/shared/notebooks/CD9CC18E-Sales Trends/1/s/c8ebt3bd06126/000030.metadata[m
	[31m.Rproj.user/shared/notebooks/CD9CC18E-Sales Trends/1/s/cc217th0qnwgp/00001d.csv[m
	[31m.Rproj.user/shared/notebooks/CD9CC18E-Sales Trends/1/s/cc217th0qnwgp/00001e.html[m
	[31m.Rproj.user/shared/notebooks/CD9CC18E-Sales Trends/1/s/cc217th0qnwgp/00001e.json[m
	[31m.Rproj.user/shared/notebooks/CD9CC18E-Sales Trends/1/s/cc217th0qnwgp/00001e.metadata[m
	[31m.Rproj.user/shared/notebooks/CD9CC18E-Sales Trends/1/s/cn2r4sme27ubu/00000e.csv[m
	[31m.Rproj.user/shared/notebooks/CD9CC18E-Sales Trends/1/s/cn2r4sme27ubu/00000f.html[m
	[31m.Rproj.user/shared/notebooks/CD9CC18E-Sales Trends/1/s/cn2r4sme27ubu/00000f.json[m
	[31m.Rproj.user/shared/notebooks/CD9CC18E-Sales Trends/1/s/cn2r4sme27ubu/00000f.metadata[m
	[31m.Rproj.user/shared/notebooks/CD9CC18E-Sales Trends/1/s/cus1ida57csh2/[m
	[31m.Rproj.user/shared/notebooks/CD9CC18E-Sales Trends/1/s/lib/[m

no changes added to commit (use "git add" and/or "git commit -a")
]0;~/Desktop/CasperCassandras-Air:Casper cassandrabayer$ git add .
